P2-run1 r = 16
P2-run2 r = 16
P2-run3 r = 16
P2-run4 r = 16
P2-run5 r = 16
P2-run6 r = 16
P2-run7 r = 16
P2-run8 r = 16
P2-run9 r = 16
P2-run10 r = 16
POD well-rank Kendall tau mean/min 0.762 0.577 top10 overlap with configured 1.5
POD-E well-rank Kendall tau mean/min 0.866 0.761 top10 overlap with configured 3.1
TBMD well-rank Kendall tau mean/min 0.87 0.747 top10 overlap with configured 1.1
              n_sel  jaccard_mean  jaccard_min  share_pressure  tstd_percentile_mean  dist_to_well_mean  dist_to_well_active_mean
basis budget                                                                                                                     
POD   N=50     50.0         0.823        0.724           0.756                 0.833              3.848                    11.649
      N=r      16.0         0.662        0.455           0.819                 0.844              2.982                    11.649
POD-E N=50     50.0         0.870        0.754           0.748                 0.834              3.840                    11.649
      N=r      16.0         0.823        0.684           0.819                 0.837              2.889                    11.649
TBMD  N=50     50.0         0.723        0.613           0.790                 0.841              4.007                    11.649
      N=r      16.0         0.666        0.391           0.800                 0.827              3.299                    11.649
