{
  "fold": "P2-run1",
  "rank": 16,
  "train_shape": [
    9900,
    1197
  ],
  "test_snapshots": 133,
  "offline_pod_svd_s": 1.2195681249995687,
  "offline_tbmd_tucker_s": 8.659095624998372,
  "tbmd_storage_floats": 101860,
  "basis_matrix_floats": 158400,
  "snapshot_tensor_floats_train": 11850300,
  "offline_qr_r_s": 0.0020241250003891764,
  "offline_qr_dg_300_s": 0.9977863330004766,
  "offline_block_dg_30wells_s": 0.003029041999980109,
  "online_ls_grid30_s_per_snapshot": 6.243759357892117e-07,
  "online_l1_grid30_s_per_snapshot": 2.3041669167407536e-05,
  "online_synthesis_s_per_snapshot": 4.6516315774340885e-06,
  "online_ls_wells30_s_per_snapshot": 7.979323342617573e-07,
  "online_l1_wells30_s_per_snapshot": 3.18345864661409e-05,
  "hardware": {
    "machine": "arm64",
    "platform": "macOS-26.6.2-arm64-arm-64bit",
    "python": "3.12.12",
    "numpy": "2.5.2",
    "system_profiler": [
      "Model Name: MacBook Pro",
      "Chip: Apple M2 Pro",
      "Total Number of Cores: 12 (8 Performance and 4 Efficiency)",
      "Memory: 16 GB"
    ]
  }
}
