{
  "files": {
    "data_exp_4_.h5": {
      "sha256": "d55ae5e5f6a45167b67251ab21af6b864334a97c68051754f50dc7566813227e",
      "bytes": 141982268
    },
    "all_wells_exp_4.json": {
      "sha256": "e3b8c99688efcbff4d41ba36b9714f6a32cf0d23df3933465b20387af8e425e7",
      "bytes": 3151
    }
  },
  "runs": 10,
  "grid": [
    139,
    48
  ],
  "n_active": 4950,
  "n_inactive": 1722,
  "time_steps": 133,
  "p1_train_snapshots": 106,
  "p1_test_snapshots": 27,
  "n_wells": 30,
  "pressure_bar_range_active": [
    130.46930929039644,
    171.8720422674243
  ],
  "soil_range_active": [
    0.0,
    0.6540010154239677
  ],
  "soil_cells_changed_gt_0p01_run1": 619,
  "p1_persistence_pressure_rmse_bar_mean_over_runs_by_lead": [
    0.014223707045372552,
    0.027965566336158616,
    0.04213134109756388,
    0.0562426911846056,
    0.06892413606790407,
    0.08288163811501356,
    0.09631264237021364,
    0.1101281593281342,
    0.12344469522933729,
    0.13719558395704112,
    0.1509290980938902,
    0.1642322563913316,
    0.1779720959584694,
    0.19126132900703746,
    0.2049846334757009,
    0.21868795961832413,
    0.23104693474622467,
    0.24472226135965486,
    0.25793811809033446,
    0.2715848124666127,
    0.2847824206936818,
    0.2984087816371529,
    0.312017764296906,
    0.32520168119072423,
    0.33884184015092683,
    0.3520530524724479,
    0.364852467927346
  ],
  "well_late_pressure_bar": [
    160.2373815919928,
    159.7270299198639,
    160.31209690648103,
    152.2003208018911,
    157.6481660785988,
    141.64288509111043,
    159.82734246185245,
    156.57353657470472,
    156.47121471105623,
    160.12541304623045,
    152.40166757505622,
    154.62492742594773,
    145.28981605370535,
    140.74745507399794,
    160.46698297366768,
    159.93712609355322,
    142.94749438778578,
    160.440497105273,
    157.54784426202852,
    147.0646302153355,
    153.9736534324866,
    159.26401190625262,
    156.91714711809016,
    157.17458718785545,
    155.43133351897734,
    145.26356832687395,
    154.9616104558035,
    160.17388777094015,
    153.45505373880695,
    156.6177286591269
  ],
  "initial_mean_pressure_bar": 170.5426525422854,
  "git_commit": {
    "head": "35c910aa090e232ff948329f4f8eabfcd5b026ff",
    "study_dir_uncommitted_changes": true
  },
  "platform": {
    "python": "3.12.12",
    "machine": "arm64",
    "system": "macOS-26.6.2-arm64-arm-64bit"
  }
}
